[debug] [2025-05-01T20:29:08.701Z] ----------------------------------------------------------------------
[debug] [2025-05-01T20:29:08.705Z] Command:       /nix/store/ixbb20farqh1f4fqbmsn6b1ixn8mc8ij-nodejs-20.18.1/bin/node /nix/store/984bjqzf7prsischdc86jmqbn4ha5yxd-firebase-tools-14.2.0/lib/node_modules/firebase-tools/lib/bin/firebase.js init hosting
[debug] [2025-05-01T20:29:08.706Z] CLI Version:   14.2.0
[debug] [2025-05-01T20:29:08.706Z] Platform:      linux
[debug] [2025-05-01T20:29:08.706Z] Node Version:  v20.18.1
[debug] [2025-05-01T20:29:08.706Z] Time:          Thu May 01 2025 20:29:08 GMT+0000 (Coordinated Universal Time)
[debug] [2025-05-01T20:29:08.706Z] ----------------------------------------------------------------------
[debug] 
[debug] [2025-05-01T20:29:08.711Z] >>> [apiv2][query] GET https://firebase-public.firebaseio.com/cli.json [none]
[debug] [2025-05-01T20:29:08.885Z] > command requires scopes: ["email","openid","https://www.googleapis.com/auth/cloudplatformprojects.readonly","https://www.googleapis.com/auth/firebase","https://www.googleapis.com/auth/cloud-platform"]
[debug] [2025-05-01T20:29:09.233Z] <<< [apiv2][status] GET https://firebase-public.firebaseio.com/cli.json 200
[debug] [2025-05-01T20:29:09.237Z] <<< [apiv2][body] GET https://firebase-public.firebaseio.com/cli.json {"cloudBuildErrorAfter":1594252800000,"cloudBuildWarnAfter":1590019200000,"defaultNode10After":1594252800000,"minVersion":"3.0.5","node8DeploysDisabledAfter":1613390400000,"node8RuntimeDisabledAfter":1615809600000,"node8WarnAfter":1600128000000}
[debug] [2025-05-01T20:29:16.510Z] Running auto auth
[info] 
     ######## #### ########  ######## ########     ###     ######  ########
     ##        ##  ##     ## ##       ##     ##  ##   ##  ##       ##
     ######    ##  ########  ######   ########  #########  ######  ######
     ##        ##  ##    ##  ##       ##     ## ##     ##       ## ##
     ##       #### ##     ## ######## ########  ##     ##  ######  ########

You're about to initialize a Firebase project in this directory:

  /home/user/studio

[info] 
=== Project Setup
[info] 
[info] First, let's associate this project directory with a Firebase project.
[info] You can create multiple project aliases by running firebase use --add, 
[info] but for now we'll just set up a default project.
[info] 
